Archive member included to satisfy reference by file (symbol)

c:/ac6/systemworkbench/plugins/fr.ac6.mcu.externaltools.arm-none.win32_1.15.0.201708311556/tools/compiler/bin/../lib/gcc/arm-none-eabi/6.3.1/../../../../arm-none-eabi/lib/thumb/v7e-m/fpv4-sp/hard\libc_nano.a(lib_a-exit.o)
                              c:/ac6/systemworkbench/plugins/fr.ac6.mcu.externaltools.arm-none.win32_1.15.0.201708311556/tools/compiler/bin/../lib/gcc/arm-none-eabi/6.3.1/../../../../arm-none-eabi/lib/thumb/v7e-m/fpv4-sp/hard/crt0.o (exit)
c:/ac6/systemworkbench/plugins/fr.ac6.mcu.externaltools.arm-none.win32_1.15.0.201708311556/tools/compiler/bin/../lib/gcc/arm-none-eabi/6.3.1/../../../../arm-none-eabi/lib/thumb/v7e-m/fpv4-sp/hard\libc_nano.a(lib_a-impure.o)
                              c:/ac6/systemworkbench/plugins/fr.ac6.mcu.externaltools.arm-none.win32_1.15.0.201708311556/tools/compiler/bin/../lib/gcc/arm-none-eabi/6.3.1/../../../../arm-none-eabi/lib/thumb/v7e-m/fpv4-sp/hard\libc_nano.a(lib_a-exit.o) (_global_impure_ptr)
c:/ac6/systemworkbench/plugins/fr.ac6.mcu.externaltools.arm-none.win32_1.15.0.201708311556/tools/compiler/bin/../lib/gcc/arm-none-eabi/6.3.1/../../../../arm-none-eabi/lib/thumb/v7e-m/fpv4-sp/hard\libc_nano.a(lib_a-init.o)
                              c:/ac6/systemworkbench/plugins/fr.ac6.mcu.externaltools.arm-none.win32_1.15.0.201708311556/tools/compiler/bin/../lib/gcc/arm-none-eabi/6.3.1/../../../../arm-none-eabi/lib/thumb/v7e-m/fpv4-sp/hard/crt0.o (__libc_init_array)
c:/ac6/systemworkbench/plugins/fr.ac6.mcu.externaltools.arm-none.win32_1.15.0.201708311556/tools/compiler/bin/../lib/gcc/arm-none-eabi/6.3.1/../../../../arm-none-eabi/lib/thumb/v7e-m/fpv4-sp/hard\libc_nano.a(lib_a-memset.o)
                              c:/ac6/systemworkbench/plugins/fr.ac6.mcu.externaltools.arm-none.win32_1.15.0.201708311556/tools/compiler/bin/../lib/gcc/arm-none-eabi/6.3.1/../../../../arm-none-eabi/lib/thumb/v7e-m/fpv4-sp/hard/crt0.o (memset)
c:/ac6/systemworkbench/plugins/fr.ac6.mcu.externaltools.arm-none.win32_1.15.0.201708311556/tools/compiler/bin/../lib/gcc/arm-none-eabi/6.3.1/../../../../arm-none-eabi/lib/thumb/v7e-m/fpv4-sp/hard\libnosys.a(_exit.o)
                              c:/ac6/systemworkbench/plugins/fr.ac6.mcu.externaltools.arm-none.win32_1.15.0.201708311556/tools/compiler/bin/../lib/gcc/arm-none-eabi/6.3.1/../../../../arm-none-eabi/lib/thumb/v7e-m/fpv4-sp/hard\libc_nano.a(lib_a-exit.o) (_exit)

Allocating common symbols
Common symbol       size              file

uwTick              0x4               Drivers/STM32F4xx_HAL_Driver/Src/stm32f4xx_hal.o
pFlash              0x20              Drivers/STM32F4xx_HAL_Driver/Src/stm32f4xx_hal_flash.o
hspi3               0x58              Src/main.o
hspi4               0x58              Src/main.o

Discarded input sections

 .text          0x00000000        0x0 c:/ac6/systemworkbench/plugins/fr.ac6.mcu.externaltools.arm-none.win32_1.15.0.201708311556/tools/compiler/bin/../lib/gcc/arm-none-eabi/6.3.1/thumb/v7e-m/fpv4-sp/hard/crti.o
 .data          0x00000000        0x0 c:/ac6/systemworkbench/plugins/fr.ac6.mcu.externaltools.arm-none.win32_1.15.0.201708311556/tools/compiler/bin/../lib/gcc/arm-none-eabi/6.3.1/thumb/v7e-m/fpv4-sp/hard/crti.o
 .bss           0x00000000        0x0 c:/ac6/systemworkbench/plugins/fr.ac6.mcu.externaltools.arm-none.win32_1.15.0.201708311556/tools/compiler/bin/../lib/gcc/arm-none-eabi/6.3.1/thumb/v7e-m/fpv4-sp/hard/crti.o
 .data          0x00000000        0x4 c:/ac6/systemworkbench/plugins/fr.ac6.mcu.externaltools.arm-none.win32_1.15.0.201708311556/tools/compiler/bin/../lib/gcc/arm-none-eabi/6.3.1/thumb/v7e-m/fpv4-sp/hard/crtbegin.o
 .text          0x00000000       0x74 c:/ac6/systemworkbench/plugins/fr.ac6.mcu.externaltools.arm-none.win32_1.15.0.201708311556/tools/compiler/bin/../lib/gcc/arm-none-eabi/6.3.1/../../../../arm-none-eabi/lib/thumb/v7e-m/fpv4-sp/hard/crt0.o
 .data          0x00000000        0x0 c:/ac6/systemworkbench/plugins/fr.ac6.mcu.externaltools.arm-none.win32_1.15.0.201708311556/tools/compiler/bin/../lib/gcc/arm-none-eabi/6.3.1/../../../../arm-none-eabi/lib/thumb/v7e-m/fpv4-sp/hard/crt0.o
 .bss           0x00000000        0x0 c:/ac6/systemworkbench/plugins/fr.ac6.mcu.externaltools.arm-none.win32_1.15.0.201708311556/tools/compiler/bin/../lib/gcc/arm-none-eabi/6.3.1/../../../../arm-none-eabi/lib/thumb/v7e-m/fpv4-sp/hard/crt0.o
 .ARM.extab     0x00000000        0x0 c:/ac6/systemworkbench/plugins/fr.ac6.mcu.externaltools.arm-none.win32_1.15.0.201708311556/tools/compiler/bin/../lib/gcc/arm-none-eabi/6.3.1/../../../../arm-none-eabi/lib/thumb/v7e-m/fpv4-sp/hard/crt0.o
 .ARM.exidx     0x00000000        0x8 c:/ac6/systemworkbench/plugins/fr.ac6.mcu.externaltools.arm-none.win32_1.15.0.201708311556/tools/compiler/bin/../lib/gcc/arm-none-eabi/6.3.1/../../../../arm-none-eabi/lib/thumb/v7e-m/fpv4-sp/hard/crt0.o
 .ARM.attributes
[...]
Memory Configuration

Name             Origin             Length             Attributes
RAM              0x20000000         0x00030000         xrw
CCMRAM           0x10000000         0x00010000         rw
FLASH            0x08000000         0x00200000         xr
*default*        0x00000000         0xffffffff

Linker script and memory map

LOAD c:/ac6/systemworkbench/plugins/fr.ac6.mcu.externaltools.arm-none.win32_1.15.0.201708311556/tools/compiler/bin/../lib/gcc/arm-none-eabi/6.3.1/thumb/v7e-m/fpv4-sp/hard/crti.o
LOAD c:/ac6/systemworkbench/plugins/fr.ac6.mcu.externaltools.arm-none.win32_1.15.0.201708311556/tools/compiler/bin/../lib/gcc/arm-none-eabi/6.3.1/thumb/v7e-m/fpv4-sp/hard/crtbegin.o
LOAD c:/ac6/systemworkbench/plugins/fr.ac6.mcu.externaltools.arm-none.win32_1.15.0.201708311556/tools/compiler/bin/../lib/gcc/arm-none-eabi/6.3.1/../../../../arm-none-eabi/lib/thumb/v7e-m/fpv4-sp/hard/crt0.o
LOAD Drivers/STM32F4xx_HAL_Driver/Src/stm32f4xx_hal.o
LOAD Drivers/STM32F4xx_HAL_Driver/Src/stm32f4xx_hal_cortex.o
LOAD Drivers/STM32F4xx_HAL_Driver/Src/stm32f4xx_hal_dma.o
LOAD Drivers/STM32F4xx_HAL_Driver/Src/stm32f4xx_hal_dma_ex.o
LOAD Drivers/STM32F4xx_HAL_Driver/Src/stm32f4xx_hal_flash.o
LOAD Drivers/STM32F4xx_HAL_Driver/Src/stm32f4xx_hal_flash_ex.o
LOAD Drivers/STM32F4xx_HAL_Driver/Src/stm32f4xx_hal_flash_ramfunc.o
LOAD Drivers/STM32F4xx_HAL_Driver/Src/stm32f4xx_hal_gpio.o
LOAD Drivers/STM32F4xx_HAL_Driver/Src/stm32f4xx_hal_pwr.o
LOAD Drivers/STM32F4xx_HAL_Driver/Src/stm32f4xx_hal_pwr_ex.o
LOAD Drivers/STM32F4xx_HAL_Driver/Src/stm32f4xx_hal_rcc.o
LOAD Drivers/STM32F4xx_HAL_Driver/Src/stm32f4xx_hal_rcc_ex.o
LOAD Drivers/STM32F4xx_HAL_Driver/Src/stm32f4xx_hal_spi.o
LOAD Drivers/STM32F4xx_HAL_Driver/Src/stm32f4xx_hal_tim.o
LOAD Drivers/STM32F4xx_HAL_Driver/Src/stm32f4xx_hal_tim_ex.o
LOAD Src/main.o
LOAD Src/stm32f4xx_hal_msp.o
LOAD Src/stm32f4xx_it.o
LOAD Src/system_stm32f4xx.o
LOAD startup/startup_stm32f429xx.o
LOAD c:/ac6/systemworkbench/plugins/fr.ac6.mcu.externaltools.arm-none.win32_1.15.0.201708311556/tools/compiler/bin/../lib/gcc/arm-none-eabi/6.3.1/../../../../arm-none-eabi/lib/thumb/v7e-m/fpv4-sp/hard\libm.a
START GROUP
LOAD c:/ac6/systemworkbench/plugins/fr.ac6.mcu.externaltools.arm-none.win32_1.15.0.201708311556/tools/compiler/bin/../lib/gcc/arm-none-eabi/6.3.1/thumb/v7e-m/fpv4-sp/hard\libgcc.a
LOAD c:/ac6/systemworkbench/plugins/fr.ac6.mcu.externaltools.arm-none.win32_1.15.0.201708311556/tools/compiler/bin/../lib/gcc/arm-none-eabi/6.3.1/../../../../arm-none-eabi/lib/thumb/v7e-m/fpv4-sp/hard\libc_nano.a
END GROUP
START GROUP
LOAD c:/ac6/systemworkbench/plugins/fr.ac6.mcu.externaltools.arm-none.win32_1.15.0.201708311556/tools/compiler/bin/../lib/gcc/arm-none-eabi/6.3.1/thumb/v7e-m/fpv4-sp/hard\libgcc.a
LOAD c:/ac6/systemworkbench/plugins/fr.ac6.mcu.externaltools.arm-none.win32_1.15.0.201708311556/tools/compiler/bin/../lib/gcc/arm-none-eabi/6.3.1/../../../../arm-none-eabi/lib/thumb/v7e-m/fpv4-sp/hard\libc_nano.a
LOAD c:/ac6/systemworkbench/plugins/fr.ac6.mcu.externaltools.arm-none.win32_1.15.0.201708311556/tools/compiler/bin/../lib/gcc/arm-none-eabi/6.3.1/../../../../arm-none-eabi/lib/thumb/v7e-m/fpv4-sp/hard\libnosys.a
END GROUP
START GROUP
LOAD c:/ac6/systemworkbench/plugins/fr.ac6.mcu.externaltools.arm-none.win32_1.15.0.201708311556/tools/compiler/bin/../lib/gcc/arm-none-eabi/6.3.1/thumb/v7e-m/fpv4-sp/hard\libgcc.a
LOAD c:/ac6/systemworkbench/plugins/fr.ac6.mcu.externaltools.arm-none.win32_1.15.0.201708311556/tools/compiler/bin/../lib/gcc/arm-none-eabi/6.3.1/../../../../arm-none-eabi/lib/thumb/v7e-m/fpv4-sp/hard\libc_nano.a
LOAD c:/ac6/systemworkbench/plugins/fr.ac6.mcu.externaltools.arm-none.win32_1.15.0.201708311556/tools/compiler/bin/../lib/gcc/arm-none-eabi/6.3.1/../../../../arm-none-eabi/lib/thumb/v7e-m/fpv4-sp/hard\libnosys.a
END GROUP
LOAD c:/ac6/systemworkbench/plugins/fr.ac6.mcu.externaltools.arm-none.win32_1.15.0.201708311556/tools/compiler/bin/../lib/gcc/arm-none-eabi/6.3.1/thumb/v7e-m/fpv4-sp/hard/crtend.o
LOAD c:/ac6/systemworkbench/plugins/fr.ac6.mcu.externaltools.arm-none.win32_1.15.0.201708311556/tools/compiler/bin/../lib/gcc/arm-none-eabi/6.3.1/thumb/v7e-m/fpv4-sp/hard/crtn.o
                0x20030000                _estack = 0x20030000
                0x00000200                _Min_Heap_Size = 0x200
                0x00000400                _Min_Stack_Size = 0x400

.isr_vector     0x08000000      0x1ac
                0x08000000                . = ALIGN (0x4)
 *(.isr_vector)
 .isr_vector    0x08000000      0x1ac startup/startup_stm32f429xx.o
                0x08000000                g_pfnVectors
                0x080001ac                . = ALIGN (0x4)

.text           0x080001ac     0x1330
                0x080001ac                . = ALIGN (0x4)
 *(.text)
 .text          0x080001ac       0x6c c:/ac6/systemworkbench/plugins/fr.ac6.mcu.externaltools.arm-none.win32_1.15.0.201708311556/tools/compiler/bin/../lib/gcc/arm-none-eabi/6.3.1/thumb/v7e-m/fpv4-sp/hard/crtbegin.o
 *(.text*)
 .text.HAL_InitTick
                0x08000218       0x2c Drivers/STM32F4xx_HAL_Driver/Src/stm32f4xx_hal.o
                0x08000218                HAL_InitTick
 .text.HAL_Init
                0x08000244       0x34 Drivers/STM32F4xx_HAL_Driver/Src/stm32f4xx_hal.o
                0x08000244                HAL_Init
 .text.HAL_IncTick
                0x08000278       0x10 Drivers/STM32F4xx_HAL_Driver/Src/stm32f4xx_hal.o
                0x08000278                HAL_IncTick
 .text.HAL_GetTick
                0x08000288        0xc Drivers/STM32F4xx_HAL_Driver/Src/stm32f4xx_hal.o
                0x08000288                HAL_GetTick
 .text.HAL_Delay
                0x08000294       0x24 Drivers/STM32F4xx_HAL_Driver/Src/stm32f4xx_hal.o
                0x08000294                HAL_Delay
 .text.HAL_NVIC_SetPriorityGrouping
                0x080002b8       0x24 Drivers/STM32F4xx_HAL_Driver/Src/stm32f4xx_hal_cortex.o
                0x080002b8                HAL_NVIC_SetPriorityGrouping
 .text.HAL_NVIC_SetPriority
                0x080002dc       0x64 Drivers/STM32F4xx_HAL_Driver/Src/stm32f4xx_hal_cortex.o
                0x080002dc                HAL_NVIC_SetPriority
 .text.HAL_NVIC_EnableIRQ
                0x08000340       0x18 Drivers/STM32F4xx_HAL_Driver/Src/stm32f4xx_hal_cortex.o
                0x08000340                HAL_NVIC_EnableIRQ
 .text.HAL_SYSTICK_Config
                0x08000358       0x2c Drivers/STM32F4xx_HAL_Driver/Src/stm32f4xx_hal_cortex.o
                0x08000358                HAL_SYSTICK_Config
 .text.HAL_SYSTICK_CLKSourceConfig
                0x08000384       0x20 Drivers/STM32F4xx_HAL_Driver/Src/stm32f4xx_hal_cortex.o
                0x08000384                HAL_SYSTICK_CLKSourceConfig
 .text.HAL_SYSTICK_Callback
                0x080003a4        0x2 Drivers/STM32F4xx_HAL_Driver/Src/stm32f4xx_hal_cortex.o
                0x080003a4                HAL_SYSTICK_Callback
 .text.HAL_SYSTICK_IRQHandler
                0x080003a6        0x8 Drivers/STM32F4xx_HAL_Driver/Src/stm32f4xx_hal_cortex.o
                0x080003a6                HAL_SYSTICK_IRQHandler
 .text.HAL_DMA_Abort_IT
                0x080003ae       0x26 Drivers/STM32F4xx_HAL_Driver/Src/stm32f4xx_hal_dma.o
                0x080003ae                HAL_DMA_Abort_IT
 .text.HAL_GPIO_Init
                0x080003d4      0x1e4 Drivers/STM32F4xx_HAL_Driver/Src/stm32f4xx_hal_gpio.o
                0x080003d4                HAL_GPIO_Init
 .text.HAL_RCC_OscConfig
                0x080005b8      0x3b0 Drivers/STM32F4xx_HAL_Driver/Src/stm32f4xx_hal_rcc.o
                0x080005b8                HAL_RCC_OscConfig
 .text.HAL_RCC_GetSysClockFreq
                0x08000968       0x94 Drivers/STM32F4xx_HAL_Driver/Src/stm32f4xx_hal_rcc.o
                0x08000968                HAL_RCC_GetSysClockFreq
 .text.HAL_RCC_ClockConfig
                0x080009fc      0x19c Drivers/STM32F4xx_HAL_Driver/Src/stm32f4xx_hal_rcc.o
                0x080009fc                HAL_RCC_ClockConfig
 .text.HAL_RCC_GetHCLKFreq
                0x08000b98        0xc Drivers/STM32F4xx_HAL_Driver/Src/stm32f4xx_hal_rcc.o
                0x08000b98                HAL_RCC_GetHCLKFreq
 .text.SPI_WaitFlagStateUntilTimeout
                0x08000ba4       0x96 Drivers/STM32F4xx_HAL_Driver/Src/stm32f4xx_hal_spi.o
 .text.SPI_CheckFlag_BSY
                0x08000c3a       0x26 Drivers/STM32F4xx_HAL_Driver/Src/stm32f4xx_hal_spi.o
 .text.HAL_SPI_Init
                0x08000c60       0x80 Drivers/STM32F4xx_HAL_Driver/Src/stm32f4xx_hal_spi.o
                0x08000c60                HAL_SPI_Init
 .text.HAL_SPI_TransmitReceive_IT
                0x08000ce0       0xcc Drivers/STM32F4xx_HAL_Driver/Src/stm32f4xx_hal_spi.o
                0x08000ce0                HAL_SPI_TransmitReceive_IT
 .text.HAL_SPI_RxCpltCallback
                0x08000dac        0x2 Drivers/STM32F4xx_HAL_Driver/Src/stm32f4xx_hal_spi.o
                0x08000dac                HAL_SPI_RxCpltCallback
 .text.HAL_SPI_TxRxCpltCallback
                0x08000dae        0x2 Drivers/STM32F4xx_HAL_Driver/Src/stm32f4xx_hal_spi.o
                0x08000dae                HAL_SPI_TxRxCpltCallback
 .text.HAL_SPI_ErrorCallback
                0x08000db0        0x2 Drivers/STM32F4xx_HAL_Driver/Src/stm32f4xx_hal_spi.o
                0x08000db0                HAL_SPI_ErrorCallback
 *fill*         0x08000db2        0x2 
 .text.SPI_CloseRxTx_ISR
                0x08000db4       0xac Drivers/STM32F4xx_HAL_Driver/Src/stm32f4xx_hal_spi.o
 .text.SPI_2linesTxISR_8BIT
                0x08000e60       0x36 Drivers/STM32F4xx_HAL_Driver/Src/stm32f4xx_hal_spi.o
 .text.SPI_2linesRxISR_8BIT
                0x08000e96       0x36 Drivers/STM32F4xx_HAL_Driver/Src/stm32f4xx_hal_spi.o
 .text.SPI_2linesTxISR_16BIT
                0x08000ecc       0x38 Drivers/STM32F4xx_HAL_Driver/Src/stm32f4xx_hal_spi.o
 .text.SPI_2linesRxISR_16BIT
                0x08000f04       0x38 Drivers/STM32F4xx_HAL_Driver/Src/stm32f4xx_hal_spi.o
 .text.HAL_SPI_IRQHandler
                0x08000f3c      0x104 Drivers/STM32F4xx_HAL_Driver/Src/stm32f4xx_hal_spi.o
                0x08000f3c                HAL_SPI_IRQHandler
 .text.SPI_DMAAbortOnError
                0x08001040       0x10 Drivers/STM32F4xx_HAL_Driver/Src/stm32f4xx_hal_spi.o
 .text.HAL_SPI_GetState
                0x08001050        0x6 Drivers/STM32F4xx_HAL_Driver/Src/stm32f4xx_hal_spi.o
                0x08001050                HAL_SPI_GetState
 *fill*         0x08001056        0x2 
 .text.MX_GPIO_Init
                0x08001058       0x4c Src/main.o
 .text._Error_Handler
                0x080010a4        0x2 Src/main.o
                0x080010a4                _Error_Handler
 *fill*         0x080010a6        0x2 
 .text.MX_SPI3_Init
                0x080010a8       0x48 Src/main.o
 .text.MX_SPI4_Init
                0x080010f0       0x40 Src/main.o
 .text.SystemClock_Config
                0x08001130       0xac Src/main.o
                0x08001130                SystemClock_Config
 .text.main     0x080011dc       0x98 Src/main.o
                0x080011dc                main
 .text.HAL_MspInit
                0x08001274       0x5e Src/stm32f4xx_hal_msp.o
                0x08001274                HAL_MspInit
 *fill*         0x080012d2        0x2 
 .text.HAL_SPI_MspInit
                0x080012d4       0xcc Src/stm32f4xx_hal_msp.o
                0x080012d4                HAL_SPI_MspInit
 .text.NMI_Handler
                0x080013a0        0x2 Src/stm32f4xx_it.o
                0x080013a0                NMI_Handler
 .text.HardFault_Handler
                0x080013a2        0x2 Src/stm32f4xx_it.o
                0x080013a2                HardFault_Handler
 .text.MemManage_Handler
                0x080013a4        0x2 Src/stm32f4xx_it.o
                0x080013a4                MemManage_Handler
 .text.BusFault_Handler
                0x080013a6        0x2 Src/stm32f4xx_it.o
                0x080013a6                BusFault_Handler
 .text.UsageFault_Handler
                0x080013a8        0x2 Src/stm32f4xx_it.o
                0x080013a8                UsageFault_Handler
 .text.SVC_Handler
                0x080013aa        0x2 Src/stm32f4xx_it.o
                0x080013aa                SVC_Handler
 .text.DebugMon_Handler
                0x080013ac        0x2 Src/stm32f4xx_it.o
                0x080013ac                DebugMon_Handler
 .text.PendSV_Handler
                0x080013ae        0x2 Src/stm32f4xx_it.o
                0x080013ae                PendSV_Handler
 .text.SysTick_Handler
                0x080013b0        0xc Src/stm32f4xx_it.o
                0x080013b0                SysTick_Handler
 .text.SPI3_IRQHandler
                0x080013bc       0x10 Src/stm32f4xx_it.o
                0x080013bc                SPI3_IRQHandler
 .text.SPI4_IRQHandler
                0x080013cc       0x10 Src/stm32f4xx_it.o
                0x080013cc                SPI4_IRQHandler
 .text.SystemInit
                0x080013dc       0x4c Src/system_stm32f4xx.o
                0x080013dc                SystemInit
 .text.Reset_Handler
                0x08001428       0x50 startup/startup_stm32f429xx.o
                0x08001428                Reset_Handler
 .text.Default_Handler
                0x08001478        0x2 startup/startup_stm32f429xx.o
                0x08001478                RTC_Alarm_IRQHandler
                0x08001478                HASH_RNG_IRQHandler
                0x08001478                EXTI2_IRQHandler
                0x08001478                TIM8_CC_IRQHandler
                0x08001478                UART8_IRQHandler
                0x08001478                TIM1_CC_IRQHandler
                0x08001478                DMA2_Stream5_IRQHandler
                0x08001478                DMA1_Stream5_IRQHandler
                0x08001478                PVD_IRQHandler
                0x08001478                SDIO_IRQHandler
                0x08001478                TAMP_STAMP_IRQHandler
                0x08001478                CAN2_RX1_IRQHandler
                0x08001478                EXTI3_IRQHandler
                0x08001478                TIM8_TRG_COM_TIM14_IRQHandler
                0x08001478                TIM1_UP_TIM10_IRQHandler
                0x08001478                TIM8_UP_TIM13_IRQHandler
                0x08001478                I2C3_ER_IRQHandler
                0x08001478                EXTI0_IRQHandler
                0x08001478                I2C2_EV_IRQHandler
                0x08001478                DMA1_Stream2_IRQHandler
                0x08001478                CAN1_RX0_IRQHandler
                0x08001478                FPU_IRQHandler
                0x08001478                OTG_HS_WKUP_IRQHandler
                0x08001478                LTDC_ER_IRQHandler
                0x08001478                CAN2_SCE_IRQHandler
                0x08001478                DMA2_Stream2_IRQHandler
                0x08001478                SPI1_IRQHandler
                0x08001478                TIM6_DAC_IRQHandler
                0x08001478                TIM1_BRK_TIM9_IRQHandler
                0x08001478                DCMI_IRQHandler
                0x08001478                CAN2_RX0_IRQHandler
                0x08001478                DMA2_Stream3_IRQHandler
                0x08001478                USART6_IRQHandler
                0x08001478                USART3_IRQHandler
                0x08001478                CAN1_RX1_IRQHandler
                0x08001478                UART5_IRQHandler
                0x08001478                DMA2_Stream0_IRQHandler
                0x08001478                TIM4_IRQHandler
                0x08001478                I2C1_EV_IRQHandler
                0x08001478                DMA1_Stream6_IRQHandler
                0x08001478                DMA1_Stream1_IRQHandler
                0x08001478                UART4_IRQHandler
                0x08001478                TIM3_IRQHandler
                0x08001478                RCC_IRQHandler
                0x08001478                TIM8_BRK_TIM12_IRQHandler
                0x08001478                Default_Handler
                0x08001478                EXTI15_10_IRQHandler
                0x08001478                ADC_IRQHandler
                0x08001478                DMA1_Stream7_IRQHandler
                0x08001478                SPI5_IRQHandler
                0x08001478                TIM7_IRQHandler
                0x08001478                CAN2_TX_IRQHandler
                0x08001478                TIM5_IRQHandler
                0x08001478                DMA2_Stream7_IRQHandler
                0x08001478                I2C3_EV_IRQHandler
                0x08001478                EXTI9_5_IRQHandler
                0x08001478                RTC_WKUP_IRQHandler
                0x08001478                LTDC_IRQHandler
                0x08001478                ETH_WKUP_IRQHandler
                0x08001478                SPI2_IRQHandler
                0x08001478                OTG_HS_EP1_IN_IRQHandler
                0x08001478                DMA1_Stream0_IRQHandler
                0x08001478                CAN1_TX_IRQHandler
                0x08001478                EXTI4_IRQHandler
                0x08001478                ETH_IRQHandler
                0x08001478                OTG_HS_EP1_OUT_IRQHandler
                0x08001478                WWDG_IRQHandler
                0x08001478                SPI6_IRQHandler
                0x08001478                TIM2_IRQHandler
                0x08001478                OTG_FS_WKUP_IRQHandler
                0x08001478                TIM1_TRG_COM_TIM11_IRQHandler
                0x08001478                OTG_HS_IRQHandler
                0x08001478                DMA2D_IRQHandler
                0x08001478                EXTI1_IRQHandler
                0x08001478                UART7_IRQHandler
                0x08001478                USART2_IRQHandler
                0x08001478                I2C2_ER_IRQHandler
                0x08001478                DMA2_Stream1_IRQHandler
                0x08001478                CAN1_SCE_IRQHandler
                0x08001478                FLASH_IRQHandler
                0x08001478                DMA2_Stream4_IRQHandler
                0x08001478                USART1_IRQHandler
                0x08001478                OTG_FS_IRQHandler
                0x08001478                DMA1_Stream4_IRQHandler
                0x08001478                I2C1_ER_IRQHandler
                0x08001478                FMC_IRQHandler
                0x08001478                DMA2_Stream6_IRQHandler
                0x08001478                SAI1_IRQHandler
                0x08001478                DMA1_Stream3_IRQHandler
 *fill*         0x0800147a        0x2 
 .text.__libc_init_array
                0x0800147c       0x48 c:/ac6/systemworkbench/plugins/fr.ac6.mcu.externaltools.arm-none.win32_1.15.0.201708311556/tools/compiler/bin/../lib/gcc/arm-none-eabi/6.3.1/../../../../arm-none-eabi/lib/thumb/v7e-m/fpv4-sp/hard\libc_nano.a(lib_a-init.o)
                0x0800147c                __libc_init_array
 *(.glue_7)
 .glue_7        0x080014c4        0x0 linker stubs
 *(.glue_7t)
 .glue_7t       0x080014c4        0x0 linker stubs
 *(.eh_frame)
 .eh_frame      0x080014c4        0x0 c:/ac6/systemworkbench/plugins/fr.ac6.mcu.externaltools.arm-none.win32_1.15.0.201708311556/tools/compiler/bin/../lib/gcc/arm-none-eabi/6.3.1/thumb/v7e-m/fpv4-sp/hard/crtbegin.o
 *(.init)
 .init          0x080014c4        0x4 c:/ac6/systemworkbench/plugins/fr.ac6.mcu.externaltools.arm-none.win32_1.15.0.201708311556/tools/compiler/bin/../lib/gcc/arm-none-eabi/6.3.1/thumb/v7e-m/fpv4-sp/hard/crti.o
                0x080014c4                _init
 .init          0x080014c8        0x8 c:/ac6/systemworkbench/plugins/fr.ac6.mcu.externaltools.arm-none.win32_1.15.0.201708311556/tools/compiler/bin/../lib/gcc/arm-none-eabi/6.3.1/thumb/v7e-m/fpv4-sp/hard/crtn.o
 *(.fini)
 .fini          0x080014d0        0x4 c:/ac6/systemworkbench/plugins/fr.ac6.mcu.externaltools.arm-none.win32_1.15.0.201708311556/tools/compiler/bin/../lib/gcc/arm-none-eabi/6.3.1/thumb/v7e-m/fpv4-sp/hard/crti.o
                0x080014d0                _fini
 .fini          0x080014d4        0x8 c:/ac6/systemworkbench/plugins/fr.ac6.mcu.externaltools.arm-none.win32_1.15.0.201708311556/tools/compiler/bin/../lib/gcc/arm-none-eabi/6.3.1/thumb/v7e-m/fpv4-sp/hard/crtn.o
                0x080014dc                . = ALIGN (0x4)
                0x080014dc                _etext = .

.vfp11_veneer   0x080014dc        0x0
 .vfp11_veneer  0x080014dc        0x0 linker stubs

.v4_bx          0x080014dc        0x0
 .v4_bx         0x080014dc        0x0 linker stubs

.iplt           0x080014dc        0x0
 .iplt          0x080014dc        0x0 c:/ac6/systemworkbench/plugins/fr.ac6.mcu.externaltools.arm-none.win32_1.15.0.201708311556/tools/compiler/bin/../lib/gcc/arm-none-eabi/6.3.1/thumb/v7e-m/fpv4-sp/hard/crtbegin.o

.rodata         0x080014dc       0x30
                0x080014dc                . = ALIGN (0x4)
 *(.rodata)
 .rodata        0x080014dc        0x8 Src/main.o
 .rodata        0x080014e4       0x18 Src/system_stm32f4xx.o
                0x080014e4                AHBPrescTable
                0x080014f4                APBPrescTable
 *(.rodata*)
 .rodata.str1.4
                0x080014fc       0x10 Src/main.o
                                  0xe (size before relaxing)
                0x0800150c                . = ALIGN (0x4)

.rel.dyn        0x0800150c        0x0
 .rel.iplt      0x0800150c        0x0 c:/ac6/systemworkbench/plugins/fr.ac6.mcu.externaltools.arm-none.win32_1.15.0.201708311556/tools/compiler/bin/../lib/gcc/arm-none-eabi/6.3.1/thumb/v7e-m/fpv4-sp/hard/crtbegin.o

.ARM.extab
 *(.ARM.extab* .gnu.linkonce.armextab.*)

.ARM            0x0800150c        0x0
                0x0800150c                __exidx_start = .
 *(.ARM.exidx*)
                0x0800150c                __exidx_end = .

.preinit_array  0x0800150c        0x0
                0x0800150c                PROVIDE (__preinit_array_start, .)
 *(.preinit_array*)
                0x0800150c                PROVIDE (__preinit_array_end, .)

.init_array     0x0800150c        0x4
                0x0800150c                PROVIDE (__init_array_start, .)
 *(SORT(.init_array.*))
 *(.init_array*)
 .init_array    0x0800150c        0x4 c:/ac6/systemworkbench/plugins/fr.ac6.mcu.externaltools.arm-none.win32_1.15.0.201708311556/tools/compiler/bin/../lib/gcc/arm-none-eabi/6.3.1/thumb/v7e-m/fpv4-sp/hard/crtbegin.o
                0x08001510                PROVIDE (__init_array_end, .)

.fini_array     0x08001510        0x4
                [!provide]                PROVIDE (__fini_array_start, .)
 *(SORT(.fini_array.*))
 *(.fini_array*)
 .fini_array    0x08001510        0x4 c:/ac6/systemworkbench/plugins/fr.ac6.mcu.externaltools.arm-none.win32_1.15.0.201708311556/tools/compiler/bin/../lib/gcc/arm-none-eabi/6.3.1/thumb/v7e-m/fpv4-sp/hard/crtbegin.o
                [!provide]                PROVIDE (__fini_array_end, .)
                0x08001514                _sidata = LOADADDR (.data)

.data           0x20000000        0x4 load address 0x08001514
                0x20000000                . = ALIGN (0x4)
                0x20000000                _sdata = .
 *(.data)
 .data          0x20000000        0x4 Src/system_stm32f4xx.o
                0x20000000                SystemCoreClock
 *(.data*)
                0x20000004                . = ALIGN (0x4)
                0x20000004                _edata = .
                0x08001518                _siccmram = LOADADDR (.ccmram)

.jcr            0x20000004        0x0 load address 0x08001518
 .jcr           0x20000004        0x0 c:/ac6/systemworkbench/plugins/fr.ac6.mcu.externaltools.arm-none.win32_1.15.0.201708311556/tools/compiler/bin/../lib/gcc/arm-none-eabi/6.3.1/thumb/v7e-m/fpv4-sp/hard/crtbegin.o

.igot.plt       0x20000004        0x0 load address 0x08001518
 .igot.plt      0x20000004        0x0 c:/ac6/systemworkbench/plugins/fr.ac6.mcu.externaltools.arm-none.win32_1.15.0.201708311556/tools/compiler/bin/../lib/gcc/arm-none-eabi/6.3.1/thumb/v7e-m/fpv4-sp/hard/crtbegin.o

.ccmram         0x10000000        0x0 load address 0x08001518
                0x10000000                . = ALIGN (0x4)
                0x10000000                _sccmram = .
 *(.ccmram)
 *(.ccmram*)
                0x10000000                . = ALIGN (0x4)
                0x10000000                _eccmram = .
                0x10000000                . = ALIGN (0x4)

.bss            0x20000004       0xd0
                0x20000004                _sbss = .
                0x20000004                __bss_start__ = _sbss
 *(.bss)
 .bss           0x20000004       0x1c c:/ac6/systemworkbench/plugins/fr.ac6.mcu.externaltools.arm-none.win32_1.15.0.201708311556/tools/compiler/bin/../lib/gcc/arm-none-eabi/6.3.1/thumb/v7e-m/fpv4-sp/hard/crtbegin.o
 *(.bss*)
 *(COMMON)
 COMMON         0x20000020        0x4 Drivers/STM32F4xx_HAL_Driver/Src/stm32f4xx_hal.o
                0x20000020                uwTick
 COMMON         0x20000024       0xb0 Src/main.o
                0x20000024                hspi3
                0x2000007c                hspi4
                0x200000d4                . = ALIGN (0x4)
                0x200000d4                _ebss = .
                0x200000d4                __bss_end__ = _ebss

._user_heap_stack
                0x200000d4      0x604
                0x200000d8                . = ALIGN (0x8)
 *fill*         0x200000d4        0x4 
                [!provide]                PROVIDE (end, .)
                [!provide]                PROVIDE (_end, .)
                0x200002d8                . = (. + _Min_Heap_Size)
 *fill*         0x200000d8      0x200 
                0x200006d8                . = (. + _Min_Stack_Size)
 *fill*         0x200002d8      0x400 
                0x200006d8                . = ALIGN (0x8)

/DISCARD/
 libc.a(*)
 libm.a(*)
 libgcc.a(*)

.ARM.attributes
                0x00000000       0x30
 *(.ARM.attributes)
 .ARM.attributes
                0x00000000       0x22 c:/ac6/systemworkbench/plugins/fr.ac6.mcu.externaltools.arm-none.win32_1.15.0.201708311556/tools/compiler/bin/../lib/gcc/arm-none-eabi/6.3.1/thumb/v7e-m/fpv4-sp/hard/crti.o
 .ARM.attributes
                0x00000022       0x34 c:/ac6/systemworkbench/plugins/fr.ac6.mcu.externaltools.arm-none.win32_1.15.0.201708311556/tools/compiler/bin/../lib/gcc/arm-none-eabi/6.3.1/thumb/v7e-m/fpv4-sp/hard/crtbegin.o
 .ARM.attributes
                0x00000056       0x39 Drivers/STM32F4xx_HAL_Driver/Src/stm32f4xx_hal.o
 .ARM.attributes
                0x0000008f       0x39 Drivers/STM32F4xx_HAL_Driver/Src/stm32f4xx_hal_cortex.o
 .ARM.attributes
                0x000000c8       0x39 Drivers/STM32F4xx_HAL_Driver/Src/stm32f4xx_hal_dma.o
 .ARM.attributes
                0x00000101       0x39 Drivers/STM32F4xx_HAL_Driver/Src/stm32f4xx_hal_gpio.o
 .ARM.attributes
                0x0000013a       0x39 Drivers/STM32F4xx_HAL_Driver/Src/stm32f4xx_hal_rcc.o
 .ARM.attributes
                0x00000173       0x39 Drivers/STM32F4xx_HAL_Driver/Src/stm32f4xx_hal_spi.o
 .ARM.attributes
                0x000001ac       0x39 Src/main.o
 .ARM.attributes
                0x000001e5       0x39 Src/stm32f4xx_hal_msp.o
 .ARM.attributes
                0x0000021e       0x39 Src/stm32f4xx_it.o
 .ARM.attributes
                0x00000257       0x39 Src/system_stm32f4xx.o
 .ARM.attributes
                0x00000290       0x21 startup/startup_stm32f429xx.o
 .ARM.attributes
                0x000002b1       0x34 c:/ac6/systemworkbench/plugins/fr.ac6.mcu.externaltools.arm-none.win32_1.15.0.201708311556/tools/compiler/bin/../lib/gcc/arm-none-eabi/6.3.1/../../../../arm-none-eabi/lib/thumb/v7e-m/fpv4-sp/hard\libc_nano.a(lib_a-init.o)
 .ARM.attributes
                0x000002e5       0x22 c:/ac6/systemworkbench/plugins/fr.ac6.mcu.externaltools.arm-none.win32_1.15.0.201708311556/tools/compiler/bin/../lib/gcc/arm-none-eabi/6.3.1/thumb/v7e-m/fpv4-sp/hard/crtn.o
OUTPUT(STM32_Spi.elf elf32-littlearm)

.debug_info     0x00000000     0xce0f
 .debug_info    0x00000000     0x126e Drivers/STM32F4xx_HAL_Driver/Src/stm32f4xx_hal.o
 .debug_info    0x0000126e     0x1790 Drivers/STM32F4xx_HAL_Driver/Src/stm32f4xx_hal_cortex.o
 .debug_info    0x000029fe     0x127c Drivers/STM32F4xx_HAL_Driver/Src/stm32f4xx_hal_dma.o
 .debug_info    0x00003c7a      0xfb1 Drivers/STM32F4xx_HAL_Driver/Src/stm32f4xx_hal_gpio.o
 .debug_info    0x00004c2b     0x151a Drivers/STM32F4xx_HAL_Driver/Src/stm32f4xx_hal_rcc.o
 .debug_info    0x00006145     0x220a Drivers/STM32F4xx_HAL_Driver/Src/stm32f4xx_hal_spi.o
 .debug_info    0x0000834f     0x17bc Src/main.o
 .debug_info    0x00009b0b     0x1620 Src/stm32f4xx_hal_msp.o
 .debug_info    0x0000b12b      0xf30 Src/stm32f4xx_it.o
 .debug_info    0x0000c05b      0xd4a Src/system_stm32f4xx.o
 .debug_info    0x0000cda5       0x6a startup/startup_stm32f429xx.o

.debug_abbrev   0x00000000     0x1ca4
 .debug_abbrev  0x00000000      0x347 Drivers/STM32F4xx_HAL_Driver/Src/stm32f4xx_hal.o
 .debug_abbrev  0x00000347      0x3d4 Drivers/STM32F4xx_HAL_Driver/Src/stm32f4xx_hal_cortex.o
 .debug_abbrev  0x0000071b      0x328 Drivers/STM32F4xx_HAL_Driver/Src/stm32f4xx_hal_dma.o
 .debug_abbrev  0x00000a43      0x2a5 Drivers/STM32F4xx_HAL_Driver/Src/stm32f4xx_hal_gpio.o
 .debug_abbrev  0x00000ce8      0x370 Drivers/STM32F4xx_HAL_Driver/Src/stm32f4xx_hal_rcc.o
 .debug_abbrev  0x00001058      0x2f0 Drivers/STM32F4xx_HAL_Driver/Src/stm32f4xx_hal_spi.o
 .debug_abbrev  0x00001348      0x2d4 Src/main.o
 .debug_abbrev  0x0000161c      0x252 Src/stm32f4xx_hal_msp.o
 .debug_abbrev  0x0000186e      0x21f Src/stm32f4xx_it.o
 .debug_abbrev  0x00001a8d      0x205 Src/system_stm32f4xx.o
 .debug_abbrev  0x00001c92       0x12 startup/startup_stm32f429xx.o

.debug_loc      0x00000000     0x3647
 .debug_loc     0x00000000       0xbd Drivers/STM32F4xx_HAL_Driver/Src/stm32f4xx_hal.o
 .debug_loc     0x000000bd      0x5ce Drivers/STM32F4xx_HAL_Driver/Src/stm32f4xx_hal_cortex.o
 .debug_loc     0x0000068b      0xafd Drivers/STM32F4xx_HAL_Driver/Src/stm32f4xx_hal_dma.o
 .debug_loc     0x00001188      0x3fd Drivers/STM32F4xx_HAL_Driver/Src/stm32f4xx_hal_gpio.o
 .debug_loc     0x00001585      0x53b Drivers/STM32F4xx_HAL_Driver/Src/stm32f4xx_hal_rcc.o
 .debug_loc     0x00001ac0     0x1984 Drivers/STM32F4xx_HAL_Driver/Src/stm32f4xx_hal_spi.o
 .debug_loc     0x00003444       0x1f Src/main.o
 .debug_loc     0x00003463       0xa6 Src/stm32f4xx_hal_msp.o
 .debug_loc     0x00003509      0x13e Src/system_stm32f4xx.o

.debug_aranges  0x00000000      0x5f0
 .debug_aranges
                0x00000000       0xd8 Drivers/STM32F4xx_HAL_Driver/Src/stm32f4xx_hal.o
 .debug_aranges
                0x000000d8       0xa8 Drivers/STM32F4xx_HAL_Driver/Src/stm32f4xx_hal_cortex.o
 .debug_aranges
                0x00000180       0x90 Drivers/STM32F4xx_HAL_Driver/Src/stm32f4xx_hal_dma.o
 .debug_aranges
                0x00000210       0x58 Drivers/STM32F4xx_HAL_Driver/Src/stm32f4xx_hal_gpio.o
 .debug_aranges
                0x00000268       0x88 Drivers/STM32F4xx_HAL_Driver/Src/stm32f4xx_hal_rcc.o
 .debug_aranges
                0x000002f0      0x1c8 Drivers/STM32F4xx_HAL_Driver/Src/stm32f4xx_hal_spi.o
 .debug_aranges
                0x000004b8       0x48 Src/main.o
 .debug_aranges
                0x00000500       0x30 Src/stm32f4xx_hal_msp.o
 .debug_aranges
                0x00000530       0x70 Src/stm32f4xx_it.o
 .debug_aranges
                0x000005a0       0x28 Src/system_stm32f4xx.o
 .debug_aranges
                0x000005c8       0x28 startup/startup_stm32f429xx.o

.debug_ranges   0x00000000      0x5a8
 .debug_ranges  0x00000000       0xc8 Drivers/STM32F4xx_HAL_Driver/Src/stm32f4xx_hal.o
 .debug_ranges  0x000000c8       0xf8 Drivers/STM32F4xx_HAL_Driver/Src/stm32f4xx_hal_cortex.o
 .debug_ranges  0x000001c0       0x80 Drivers/STM32F4xx_HAL_Driver/Src/stm32f4xx_hal_dma.o
 .debug_ranges  0x00000240       0x48 Drivers/STM32F4xx_HAL_Driver/Src/stm32f4xx_hal_gpio.o
 .debug_ranges  0x00000288       0x78 Drivers/STM32F4xx_HAL_Driver/Src/stm32f4xx_hal_rcc.o
 .debug_ranges  0x00000300      0x1b8 Drivers/STM32F4xx_HAL_Driver/Src/stm32f4xx_hal_spi.o
 .debug_ranges  0x000004b8       0x38 Src/main.o
 .debug_ranges  0x000004f0       0x20 Src/stm32f4xx_hal_msp.o
 .debug_ranges  0x00000510       0x60 Src/stm32f4xx_it.o
 .debug_ranges  0x00000570       0x18 Src/system_stm32f4xx.o
 .debug_ranges  0x00000588       0x20 startup/startup_stm32f429xx.o

.debug_macro    0x00000000    0x227e1
 .debug_macro   0x00000000      0x360 Drivers/STM32F4xx_HAL_Driver/Src/stm32f4xx_hal.o
 .debug_macro   0x00000360      0x8bc Drivers/STM32F4xx_HAL_Driver/Src/stm32f4xx_hal.o
 .debug_macro   0x00000c1c       0x10 Drivers/STM32F4xx_HAL_Driver/Src/stm32f4xx_hal.o
 .debug_macro   0x00000c2c      0x17a Drivers/STM32F4xx_HAL_Driver/Src/stm32f4xx_hal.o
 .debug_macro   0x00000da6       0x33 Drivers/STM32F4xx_HAL_Driver/Src/stm32f4xx_hal.o
 .debug_macro   0x00000dd9       0x28 Drivers/STM32F4xx_HAL_Driver/Src/stm32f4xx_hal.o
 .debug_macro   0x00000e01       0x22 Drivers/STM32F4xx_HAL_Driver/Src/stm32f4xx_hal.o
 .debug_macro   0x00000e23       0x87 Drivers/STM32F4xx_HAL_Driver/Src/stm32f4xx_hal.o
 .debug_macro   0x00000eaa       0x51 Drivers/STM32F4xx_HAL_Driver/Src/stm32f4xx_hal.o
 .debug_macro   0x00000efb       0xef Drivers/STM32F4xx_HAL_Driver/Src/stm32f4xx_hal.o
 .debug_macro   0x00000fea       0x6a Drivers/STM32F4xx_HAL_Driver/Src/stm32f4xx_hal.o
 .debug_macro   0x00001054      0x1df Drivers/STM32F4xx_HAL_Driver/Src/stm32f4xx_hal.o
 .debug_macro   0x00001233       0x35 Drivers/STM32F4xx_HAL_Driver/Src/stm32f4xx_hal.o
 .debug_macro   0x00001268       0x50 Drivers/STM32F4xx_HAL_Driver/Src/stm32f4xx_hal.o
 .debug_macro   0x000012b8      0xe66 Drivers/STM32F4xx_HAL_Driver/Src/stm32f4xx_hal.o
 .debug_macro   0x0000211e    0x17f45 Drivers/STM32F4xx_HAL_Driver/Src/stm32f4xx_hal.o
 .debug_macro   0x0001a063       0x43 Drivers/STM32F4xx_HAL_Driver/Src/stm32f4xx_hal.o
 .debug_macro   0x0001a0a6     0x35e4 Drivers/STM32F4xx_HAL_Driver/Src/stm32f4xx_hal.o
 .debug_macro   0x0001d68a       0x58 Drivers/STM32F4xx_HAL_Driver/Src/stm32f4xx_hal.o
 .debug_macro   0x0001d6e2       0x35 Drivers/STM32F4xx_HAL_Driver/Src/stm32f4xx_hal.o
 .debug_macro   0x0001d717       0x9c Drivers/STM32F4xx_HAL_Driver/Src/stm32f4xx_hal.o
 .debug_macro   0x0001d7b3       0x16 Drivers/STM32F4xx_HAL_Driver/Src/stm32f4xx_hal.o
 .debug_macro   0x0001d7c9       0x97 Drivers/STM32F4xx_HAL_Driver/Src/stm32f4xx_hal.o
 .debug_macro   0x0001d860      0x330 Drivers/STM32F4xx_HAL_Driver/Src/stm32f4xx_hal.o
 .debug_macro   0x0001db90       0xfd Drivers/STM32F4xx_HAL_Driver/Src/stm32f4xx_hal.o
 .debug_macro   0x0001dc8d       0x10 Drivers/STM32F4xx_HAL_Driver/Src/stm32f4xx_hal.o
 .debug_macro   0x0001dc9d       0x58 Drivers/STM32F4xx_HAL_Driver/Src/stm32f4xx_hal.o
 .debug_macro   0x0001dcf5       0x1f Drivers/STM32F4xx_HAL_Driver/Src/stm32f4xx_hal.o
 .debug_macro   0x0001dd14       0x43 Drivers/STM32F4xx_HAL_Driver/Src/stm32f4xx_hal.o
 .debug_macro   0x0001dd57       0x20 Drivers/STM32F4xx_HAL_Driver/Src/stm32f4xx_hal.o
 .debug_macro   0x0001dd77      0x187 Drivers/STM32F4xx_HAL_Driver/Src/stm32f4xx_hal.o
 .debug_macro   0x0001defe       0x10 Drivers/STM32F4xx_HAL_Driver/Src/stm32f4xx_hal.o
 .debug_macro   0x0001df0e       0x1c Drivers/STM32F4xx_HAL_Driver/Src/stm32f4xx_hal.o
 .debug_macro   0x0001df2a       0x52 Drivers/STM32F4xx_HAL_Driver/Src/stm32f4xx_hal.o
 .debug_macro   0x0001df7c       0x40 Drivers/STM32F4xx_HAL_Driver/Src/stm32f4xx_hal.o
 .debug_macro   0x0001dfbc       0x10 Drivers/STM32F4xx_HAL_Driver/Src/stm32f4xx_hal.o
 .debug_macro   0x0001dfcc       0x40 Drivers/STM32F4xx_HAL_Driver/Src/stm32f4xx_hal.o
 .debug_macro   0x0001e00c       0xd7 Drivers/STM32F4xx_HAL_Driver/Src/stm32f4xx_hal.o
 .debug_macro   0x0001e0e3       0x16 Drivers/STM32F4xx_HAL_Driver/Src/stm32f4xx_hal.o
 .debug_macro   0x0001e0f9      0x18b Drivers/STM32F4xx_HAL_Driver/Src/stm32f4xx_hal.o
 .debug_macro   0x0001e284       0x50 Drivers/STM32F4xx_HAL_Driver/Src/stm32f4xx_hal.o
 .debug_macro   0x0001e2d4      0xca5 Drivers/STM32F4xx_HAL_Driver/Src/stm32f4xx_hal.o
 .debug_macro   0x0001ef79      0x9e1 Drivers/STM32F4xx_HAL_Driver/Src/stm32f4xx_hal.o
 .debug_macro   0x0001f95a      0x11e Drivers/STM32F4xx_HAL_Driver/Src/stm32f4xx_hal.o
 .debug_macro   0x0001fa78      0x161 Drivers/STM32F4xx_HAL_Driver/Src/stm32f4xx_hal.o
 .debug_macro   0x0001fbd9       0x27 Drivers/STM32F4xx_HAL_Driver/Src/stm32f4xx_hal.o
 .debug_macro   0x0001fc00      0x287 Drivers/STM32F4xx_HAL_Driver/Src/stm32f4xx_hal.o
 .debug_macro   0x0001fe87       0x5f Drivers/STM32F4xx_HAL_Driver/Src/stm32f4xx_hal.o
 .debug_macro   0x0001fee6      0x23a Drivers/STM32F4xx_HAL_Driver/Src/stm32f4xx_hal.o
 .debug_macro   0x00020120      0x13a Drivers/STM32F4xx_HAL_Driver/Src/stm32f4xx_hal.o
 .debug_macro   0x0002025a      0x41d Drivers/STM32F4xx_HAL_Driver/Src/stm32f4xx_hal.o
 .debug_macro   0x00020677       0x2e Drivers/STM32F4xx_HAL_Driver/Src/stm32f4xx_hal.o
 .debug_macro   0x000206a5      0x11e Drivers/STM32F4xx_HAL_Driver/Src/stm32f4xx_hal.o
 .debug_macro   0x000207c3       0xe2 Drivers/STM32F4xx_HAL_Driver/Src/stm32f4xx_hal.o
 .debug_macro   0x000208a5       0x89 Drivers/STM32F4xx_HAL_Driver/Src/stm32f4xx_hal.o
 .debug_macro   0x0002092e      0x202 Drivers/STM32F4xx_HAL_Driver/Src/stm32f4xx_hal.o
 .debug_macro   0x00020b30      0x12c Drivers/STM32F4xx_HAL_Driver/Src/stm32f4xx_hal.o
 .debug_macro   0x00020c5c      0x300 Drivers/STM32F4xx_HAL_Driver/Src/stm32f4xx_hal_cortex.o
 .debug_macro   0x00020f5c      0x307 Drivers/STM32F4xx_HAL_Driver/Src/stm32f4xx_hal_dma.o
 .debug_macro   0x00021263      0x338 Drivers/STM32F4xx_HAL_Driver/Src/stm32f4xx_hal_gpio.o
 .debug_macro   0x0002159b      0x32a Drivers/STM32F4xx_HAL_Driver/Src/stm32f4xx_hal_rcc.o
 .debug_macro   0x000218c5      0x308 Drivers/STM32F4xx_HAL_Driver/Src/stm32f4xx_hal_spi.o
 .debug_macro   0x00021bcd      0x304 Src/main.o
 .debug_macro   0x00021ed1      0x300 Src/stm32f4xx_hal_msp.o
 .debug_macro   0x000221d1      0x30a Src/stm32f4xx_it.o
 .debug_macro   0x000224db      0x306 Src/system_stm32f4xx.o

.debug_line     0x00000000     0x60f8
 .debug_line    0x00000000      0x928 Drivers/STM32F4xx_HAL_Driver/Src/stm32f4xx_hal.o
 .debug_line    0x00000928      0x965 Drivers/STM32F4xx_HAL_Driver/Src/stm32f4xx_hal_cortex.o
 .debug_line    0x0000128d      0xa6e Drivers/STM32F4xx_HAL_Driver/Src/stm32f4xx_hal_dma.o
 .debug_line    0x00001cfb      0x8ef Drivers/STM32F4xx_HAL_Driver/Src/stm32f4xx_hal_gpio.o
 .debug_line    0x000025ea      0xa5e Drivers/STM32F4xx_HAL_Driver/Src/stm32f4xx_hal_rcc.o
 .debug_line    0x00003048     0x1135 Drivers/STM32F4xx_HAL_Driver/Src/stm32f4xx_hal_spi.o
 .debug_line    0x0000417d      0x7e9 Src/main.o
 .debug_line    0x00004966      0x7a2 Src/stm32f4xx_hal_msp.o
 .debug_line    0x00005108      0x7f8 Src/stm32f4xx_it.o
 .debug_line    0x00005900      0x779 Src/system_stm32f4xx.o
 .debug_line    0x00006079       0x7f startup/startup_stm32f429xx.o

.debug_str      0x00000000    0xca406
 .debug_str     0x00000000    0xc8c6f Drivers/STM32F4xx_HAL_Driver/Src/stm32f4xx_hal.o
                              0xc903a (size before relaxing)
 .debug_str     0x000c8c6f      0x3ae Drivers/STM32F4xx_HAL_Driver/Src/stm32f4xx_hal_cortex.o
                              0xc8db2 (size before relaxing)
 .debug_str     0x000c901d      0x53e Drivers/STM32F4xx_HAL_Driver/Src/stm32f4xx_hal_dma.o
                              0xc88c3 (size before relaxing)
 .debug_str     0x000c955b      0x292 Drivers/STM32F4xx_HAL_Driver/Src/stm32f4xx_hal_gpio.o
                              0xc86f4 (size before relaxing)
 .debug_str     0x000c97ed      0x380 Drivers/STM32F4xx_HAL_Driver/Src/stm32f4xx_hal_rcc.o
                              0xc88c5 (size before relaxing)
 .debug_str     0x000c9b6d      0x6c8 Drivers/STM32F4xx_HAL_Driver/Src/stm32f4xx_hal_spi.o
                              0xc8cc7 (size before relaxing)
 .debug_str     0x000ca235       0x84 Src/main.o
                              0xc9035 (size before relaxing)
 .debug_str     0x000ca2b9       0x1b Src/stm32f4xx_hal_msp.o
                              0xc8e9f (size before relaxing)
 .debug_str     0x000ca2d4       0xd8 Src/stm32f4xx_it.o
                              0xc8824 (size before relaxing)
 .debug_str     0x000ca3ac       0x5a Src/system_stm32f4xx.o
                              0xc84b0 (size before relaxing)

.comment        0x00000000       0x7f
 .comment       0x00000000       0x7f Drivers/STM32F4xx_HAL_Driver/Src/stm32f4xx_hal.o
                                 0x80 (size before relaxing)
 .comment       0x0000007f       0x80 Drivers/STM32F4xx_HAL_Driver/Src/stm32f4xx_hal_cortex.o
 .comment       0x0000007f       0x80 Drivers/STM32F4xx_HAL_Driver/Src/stm32f4xx_hal_dma.o
 .comment       0x0000007f       0x80 Drivers/STM32F4xx_HAL_Driver/Src/stm32f4xx_hal_gpio.o
 .comment       0x0000007f       0x80 Drivers/STM32F4xx_HAL_Driver/Src/stm32f4xx_hal_rcc.o
 .comment       0x0000007f       0x80 Drivers/STM32F4xx_HAL_Driver/Src/stm32f4xx_hal_spi.o
 .comment       0x0000007f       0x80 Src/main.o
 .comment       0x0000007f       0x80 Src/stm32f4xx_hal_msp.o
 .comment       0x0000007f       0x80 Src/stm32f4xx_it.o
 .comment       0x0000007f       0x80 Src/system_stm32f4xx.o

.debug_frame    0x00000000      0xe38
 .debug_frame   0x00000000      0x1b8 Drivers/STM32F4xx_HAL_Driver/Src/stm32f4xx_hal.o
 .debug_frame   0x000001b8      0x15c Drivers/STM32F4xx_HAL_Driver/Src/stm32f4xx_hal_cortex.o
 .debug_frame   0x00000314      0x17c Drivers/STM32F4xx_HAL_Driver/Src/stm32f4xx_hal_dma.o
 .debug_frame   0x00000490       0xd0 Drivers/STM32F4xx_HAL_Driver/Src/stm32f4xx_hal_gpio.o
 .debug_frame   0x00000560      0x13c Drivers/STM32F4xx_HAL_Driver/Src/stm32f4xx_hal_rcc.o
 .debug_frame   0x0000069c      0x560 Drivers/STM32F4xx_HAL_Driver/Src/stm32f4xx_hal_spi.o
 .debug_frame   0x00000bfc       0xa0 Src/main.o
 .debug_frame   0x00000c9c       0x68 Src/stm32f4xx_hal_msp.o
 .debug_frame   0x00000d04       0xd8 Src/stm32f4xx_it.o
 .debug_frame   0x00000ddc       0x30 Src/system_stm32f4xx.o
 .debug_frame   0x00000e0c       0x2c c:/ac6/systemworkbench/plugins/fr.ac6.mcu.externaltools.arm-none.win32_1.15.0.201708311556/tools/compiler/bin/../lib/gcc/arm-none-eabi/6.3.1/../../../../arm-none-eabi/lib/thumb/v7e-m/fpv4-sp/hard\libc_nano.a(lib_a-init.o)
